// Jest Snapshot v1, https://goo.gl/fbAQLP

exports[`BalanceChartTooltip renders correctly for daily grouping: rendered 1`] = `
<div>
  <div
    class="MuiBox-root css-f4glh7"
  >
    11/1/2021
    :
     
    1,234,567,891.1234568
  </div>
</div>
`;
